\BOOKMARK [1][-]{section*.1}{Модульное тестирование}{}% 1
