\BOOKMARK [1][-]{section*.1}{Тестирование}{}% 1
\BOOKMARK [2][-]{subsection.0.1.1}{Модульное тестирование}{section*.1}% 2
\BOOKMARK [2][-]{subsection.0.1.2}{Интеграционное тестирование}{section*.1}% 3
